https://github.com/ShamnazVH/Spam-Email-Detector
https://github.com/ShamnazVH/credit-risk-prediction
https://github.com/ShamnazVH/telco-customer-churn

the commands i run to deploy my portfolio in vscode my-portfolios terminal
-----------------------------------------------------------------------------


(base) PS C:\Users\shamn\My-portfolio> git init
Initialized empty Git repository in C:/Users/shamn/My-portfolio/.git/
(base) PS C:\Users\shamn\My-portfolio> git add .
warning: in the working copy of 'argv.json', LF will be replaced by CRLF the next time Git touches it
warning: in the working copy of 'build/asset-manifest.json', LF will be replaced by CRLF the next time Git touches it
warning: in the working copy of 'build/static/css/main.2fe2df39.css', LF will be replaced by CRLF the next time Git touches it
warning: in the working copy of 'build/static/js/main.9db9e4c6.js', LF will be replaced by CRLF the next time Git touches it  
warning: in the working copy of 'build/static/js/main.9db9e4c6.js.LICENSE.txt', LF will be replaced by CRLF the next time Git touches it
warning: in the working copy of 'src/components/About.js', LF will be replaced by CRLF the next time Git touches it
warning: in the working copy of 'src/components/Certifications.js', LF will be replaced by CRLF the next time Git touches it  
warning: in the working copy of 'src/components/Contact.js', LF will be replaced by CRLF the next time Git touches it
warning: in the working copy of 'src/components/Hero.js', LF will be replaced by CRLF the next time Git touches it
warning: in the working copy of 'src/components/Internships.js', LF will be replaced by CRLF the next time Git touches it     
warning: in the working copy of 'src/components/Projects.js', LF will be replaced by CRLF the next time Git touches it        
warning: in the working copy of 'src/components/Skills.js', LF will be replaced by CRLF the next time Git touches it
warning: in the working copy of 'src/index.css', LF will be replaced by CRLF the next time Git touches it
(base) PS C:\Users\shamn\My-portfolio> git commit -m "first commit"
[main (root-commit) e802bf9] first commit
 31 files changed, 30882 insertions(+)
 create mode 100644 .gitignore
 create mode 100644 SHARING_GUIDE.md
 create mode 100644 argv.json
 create mode 100644 build/asset-manifest.json
 create mode 100644 build/images/profile.png
 create mode 100644 build/images/profile2.jpg
 create mode 100644 build/index.html
 create mode 100644 build/static/css/main.2fe2df39.css
 create mode 100644 build/static/css/main.2fe2df39.css.map     
 create mode 100644 build/static/js/main.9db9e4c6.js
 create mode 100644 build/static/js/main.9db9e4c6.js.LICENSE.txt
 create mode 100644 build/static/js/main.9db9e4c6.js.map       
 create mode 100644 extensions/extensions.json
 create mode 100644 ide_state.json
 create mode 100644 package-lock.json
 create mode 100644 package.json
 create mode 100644 public/images/profile.png
 create mode 100644 public/images/profile2.jpg
 create mode 100644 public/index.html
 create mode 100644 src/App.js
 create mode 100644 src/components/About.js
 create mode 100644 src/components/Certifications.js
 create mode 100644 src/components/Contact.js
 create mode 100644 src/components/Education.js
 create mode 100644 src/components/Hero.js
 create mode 100644 src/components/Internships.js
 create mode 100644 src/components/Navbar.js
 create mode 100644 src/components/Skills.js
 create mode 100644 src/index.css
 create mode 100644 src/index.js
(base) PS C:\Users\shamn\My-portfolio> git branch -M main
(base) PS C:\Users\shamn\My-portfolio> git remote add origin https://github.com/ShamnazVH/portfolio-website.git
(base) PS C:\Users\shamn\My-portfolio> git push -u origin main
Enumerating objects: 40, done.
Counting objects: 100% (40/40), done.
Delta compression using up to 12 threads
Compressing objects: 100% (37/37), done.
Writing objects: 100% (40/40), 1.94 MiB | 175.00 KiB/s, done.  
Total 40 (delta 3), reused 0 (delta 0), pack-reused 0 (from 0) 
remote: Resolving deltas: 100% (3/3), done.
To https://github.com/ShamnazVH/portfolio-website.git
 * [new branch]      main -> main
branch 'main' set up to track 'origin/main'.
remote: Resolving deltas: 100% (3/3), done.
To https://github.com/ShamnazVH/portfolio-website.git
 * [new branch]      main -> main
branch 'main' set up to track 'origin/main'.
(base) PS C:\Users\shamn\My-portfolio> npm install gh-pages --save-dev

up to date, audited 1362 packages in 6s

274 packages are looking for funding
  run `npm fund` for details

9 vulnerabilities (3 moderate, 6 high)

remote: Resolving deltas: 100% (3/3), done.
To https://github.com/ShamnazVH/portfolio-website.git
 * [new branch]      main -> main
branch 'main' set up to track 'origin/main'.
(base) PS C:\Users\shamn\My-portfolio> npm install gh-pages --save-dev

up to date, audited 1362 packages in 6s

274 packages are looking for funding
  run `npm fund` for details

9 vulnerabilities (3 moderate, 6 high)
remote: Resolving deltas: 100% (3/3), done.
To https://github.com/ShamnazVH/portfolio-website.git
 * [new branch]      main -> main
branch 'main' set up to track 'origin/main'.
(base) PS C:\Users\shamn\My-portfolio> npm install gh-pages --save-dev

up to date, audited 1362 packages in 6s

remote: Resolving deltas: 100% (3/3), done.
To https://github.com/ShamnazVH/portfolio-website.git
 * [new branch]      main -> main
branch 'main' set up to track 'origin/main'.
(base) PS C:\Users\shamn\My-portfolio> npm install gh-pages --save-dev
remote: Resolving deltas: 100% (3/3), done.
To https://github.com/ShamnazVH/portfolio-website.git
 * [new branch]      main -> main
branch 'main' set up to track 'origin/main'.
To https://github.com/ShamnazVH/portfolio-website.git
 * [new branch]      main -> main
branch 'main' set up to track 'origin/main'.
(base) PS C:\Users\shamn\My-portfolio> npm install gh-pages --sbranch 'main' set up to track 'origin/main'.
(base) PS C:\Users\shamn\My-portfolio> npm install gh-pages --s(base) PS C:\Users\shamn\My-portfolio> npm install gh-pages --save-dev
ave-dev


up to date, audited 1362 packages in 6s
up to date, audited 1362 packages in 6s

274 packages are looking for funding
  run `npm fund` for details

9 vulnerabilities (3 moderate, 6 high)

To address all issues (including breaking changes), run:       
  npm audit fix --force

Run `npm audit` for details.
(base) PS C:\Users\shamn\My-portfolio> git add .
(base) PS C:\Users\shamn\My-portfolio> git commit -m "Deployed website"
[main 44737ea] Deployed website
 1 file changed, 1 insertion(+), 1 deletion(-)
(base) PS C:\Users\shamn\My-portfolio> git push
Enumerating objects: 5, done.
Counting objects: 100% (5/5), done.
Delta compression using up to 12 threads
Compressing objects: 100% (3/3), done.
Writing objects: 100% (3/3), 339 bytes | 169.00 KiB/s, done.   
Total 3 (delta 2), reused 0 (delta 0), pack-reused 0 (from 0)  
remote: Resolving deltas: 100% (2/2), completed with 2 local objects.
To https://github.com/ShamnazVH/portfolio-website.git
   e802bf9..44737ea  main -> main
(base) PS C:\Users\shamn\My-portfolio> npm run deploy

> portfolio@1.0.0 predeploy
> npm run build


> portfolio@1.0.0 build
> react-scripts build

Creating an optimized production build...
Compiled with warnings.

[eslint] 
src\components\Certifications.js
  Line 61:9:  'gradientBackground' is assigned a value but never used  no-unused-vars

Search for the keywords to learn more about each warning.      
To ignore, add // eslint-disable-next-line to the line before. 

File sizes after gzip:

  58.63 kB (+16 B)  build\static\js\main.366f0292.js
  37.16 kB          build\static\css\main.2fe2df39.css

The project was built assuming it is hosted at /portfolio-website/.
You can control this with the homepage field in your package.json.

The build folder is ready to be deployed.

Find out more about deployment here:

  https://cra.link/deployment


> portfolio@1.0.0 deploy
> gh-pages -d build

Published
(base) PS C:\Users\shamn\My-portfolio>
(base) PS C:\Users\shamn\My-portfolio>













